
> react-kavia@0.1.0 start
> cross-env EDIT_MODE=true webpack serve --config .ve/webpack.config.js --mode development

<i> [webpack-dev-server] Project is running at:
<i> [webpack-dev-server] Loopback: http://localhost:3000/, http://[::1]:3000/
<i> [webpack-dev-server] On Your Network (IPv4): http://172.17.0.2:3000/
<i> [webpack-dev-server] Content not from webpack is served from './public' directory
Injecting EditorRootWrapper import: ../.ve/EditorRootWrapper
asset bundle.js 1.39 MiB [emitted] (name: main)
asset index.html 1.98 KiB [emitted]
runtime modules 27.5 KiB 14 modules
modules by path ./node_modules/ 1.24 MiB 31 modules
modules by path ./src/ 10.3 KiB
  modules by path ./src/*.css 7.49 KiB 4 modules
  modules by path ./src/*.js 2.76 KiB
    ./src/index.js 530 bytes [built] [code generated]
    ./src/App.js 2.24 KiB [built] [code generated]
modules by path ./.ve/ 15.1 KiB
  modules by path ./.ve/*.js 10.6 KiB 2 modules
  modules by path ./.ve/*.css 2.93 KiB
    ./.ve/EditorOverlay.css 2.25 KiB [built] [code generated]
    ./node_modules/css-loader/dist/cjs.js!./.ve/EditorOverlay.css 697 bytes [built] [code generated]
  ./.ve/EditorOverlay.jsx 1.58 KiB [built] [code generated]
webpack 5.99.9 compiled successfully in 1256 ms
assets by status 1.98 KiB [cached] 1 asset
assets by path *.js 1.43 MiB
  asset bundle.js 1.41 MiB [emitted] (name: main)
  asset main.6b1a18d3570d1b3a32b7.hot-update.js 23.5 KiB [emitted] [immutable] [hmr] (name: main)
asset main.6b1a18d3570d1b3a32b7.hot-update.json 28 bytes [emitted] [immutable] [hmr]
Entrypoint main 1.43 MiB = bundle.js 1.41 MiB main.6b1a18d3570d1b3a32b7.hot-update.js 23.5 KiB
cached modules 1.26 MiB [cached] 41 modules
runtime modules 27.5 KiB 14 modules
javascript modules 16.8 KiB
  ./src/App.js 474 bytes [built] [code generated]
  ./src/FocusPulse.js 16.4 KiB [built] [code generated]

ERROR in ./src/FocusPulse.js 11:0-53
Module not found: Error: Can't resolve '@supabase/supabase-js' in '/home/kavia/workspace/code-generation/focuspulse-113407-7ec029c0/focuspulse_frontend/src'
resolve '@supabase/supabase-js' in '/home/kavia/workspace/code-generation/focuspulse-113407-7ec029c0/focuspulse_frontend/src'
  Parsed request is a module
  using description file: /home/kavia/workspace/code-generation/focuspulse-113407-7ec029c0/focuspulse_frontend/package.json (relative path: ./src)
    Field 'browser' doesn't contain a valid alias configuration
    resolve as module
      /home/kavia/workspace/code-generation/focuspulse-113407-7ec029c0/focuspulse_frontend/src/node_modules doesn't exist or is not a directory
      looking for modules in /home/kavia/workspace/code-generation/focuspulse-113407-7ec029c0/focuspulse_frontend/node_modules
        single file module
          using description file: /home/kavia/workspace/code-generation/focuspulse-113407-7ec029c0/focuspulse_frontend/package.json (relative path: ./node_modules/@supabase/supabase-js)
            no extension
              Field 'browser' doesn't contain a valid alias configuration
              /home/kavia/workspace/code-generation/focuspulse-113407-7ec029c0/focuspulse_frontend/node_modules/@supabase/supabase-js doesn't exist
            .js
              Field 'browser' doesn't contain a valid alias configuration
              /home/kavia/workspace/code-generation/focuspulse-113407-7ec029c0/focuspulse_frontend/node_modules/@supabase/supabase-js.js doesn't exist
            .jsx
              Field 'browser' doesn't contain a valid alias configuration
              /home/kavia/workspace/code-generation/focuspulse-113407-7ec029c0/focuspulse_frontend/node_modules/@supabase/supabase-js.jsx doesn't exist
        /home/kavia/workspace/code-generation/focuspulse-113407-7ec029c0/focuspulse_frontend/node_modules/@supabase/supabase-js doesn't exist
      /home/kavia/workspace/code-generation/focuspulse-113407-7ec029c0/node_modules doesn't exist or is not a directory
      /home/kavia/workspace/code-generation/node_modules doesn't exist or is not a directory
      /home/kavia/workspace/node_modules doesn't exist or is not a directory
      /home/kavia/node_modules doesn't exist or is not a directory
      /home/node_modules doesn't exist or is not a directory
      /node_modules doesn't exist or is not a directory
 @ ./src/App.js 3:0-42 15:32-46
 @ ./src/index.js 5:0-24 11:32-35

webpack 5.99.9 compiled with 1 error in 186 ms
assets by status 1.41 MiB [cached] 2 assets
cached modules 1.28 MiB (javascript) 27.5 KiB (runtime) [cached] 57 modules

LOG from webpack.FileSystemInfo
<w> Managed item /home/kavia/workspace/code-generation/focuspulse-113407-7ec029c0/focuspulse_frontend/node_modules/@supabase/supabase-js isn't a directory or doesn't contain a package.json (see snapshot.managedPaths option)
+ 13 hidden lines

ERROR in ./src/FocusPulse.js 11:0-53
Module not found: Error: Can't resolve '@supabase/supabase-js' in '/home/kavia/workspace/code-generation/focuspulse-113407-7ec029c0/focuspulse_frontend/src'
resolve '@supabase/supabase-js' in '/home/kavia/workspace/code-generation/focuspulse-113407-7ec029c0/focuspulse_frontend/src'
  Parsed request is a module
  using description file: /home/kavia/workspace/code-generation/focuspulse-113407-7ec029c0/focuspulse_frontend/package.json (relative path: ./src)
    Field 'browser' doesn't contain a valid alias configuration
    resolve as module
      /home/kavia/workspace/code-generation/focuspulse-113407-7ec029c0/focuspulse_frontend/src/node_modules doesn't exist or is not a directory
      looking for modules in /home/kavia/workspace/code-generation/focuspulse-113407-7ec029c0/focuspulse_frontend/node_modules
        single file module
          using description file: /home/kavia/workspace/code-generation/focuspulse-113407-7ec029c0/focuspulse_frontend/package.json (relative path: ./node_modules/@supabase/supabase-js)
            no extension
              Field 'browser' doesn't contain a valid alias configuration
              /home/kavia/workspace/code-generation/focuspulse-113407-7ec029c0/focuspulse_frontend/node_modules/@supabase/supabase-js is not a file
            .js
              Field 'browser' doesn't contain a valid alias configuration
              /home/kavia/workspace/code-generation/focuspulse-113407-7ec029c0/focuspulse_frontend/node_modules/@supabase/supabase-js.js doesn't exist
            .jsx
              Field 'browser' doesn't contain a valid alias configuration
              /home/kavia/workspace/code-generation/focuspulse-113407-7ec029c0/focuspulse_frontend/node_modules/@supabase/supabase-js.jsx doesn't exist
        existing directory /home/kavia/workspace/code-generation/focuspulse-113407-7ec029c0/focuspulse_frontend/node_modules/@supabase/supabase-js
          using description file: /home/kavia/workspace/code-generation/focuspulse-113407-7ec029c0/focuspulse_frontend/package.json (relative path: ./node_modules/@supabase/supabase-js)
            using description file: /home/kavia/workspace/code-generation/focuspulse-113407-7ec029c0/focuspulse_frontend/package.json (relative path: ./node_modules/@supabase/supabase-js)
              no extension
                Field 'browser' doesn't contain a valid alias configuration
                /home/kavia/workspace/code-generation/focuspulse-113407-7ec029c0/focuspulse_frontend/node_modules/@supabase/supabase-js is not a file
              .js
                Field 'browser' doesn't contain a valid alias configuration
                /home/kavia/workspace/code-generation/focuspulse-113407-7ec029c0/focuspulse_frontend/node_modules/@supabase/supabase-js.js doesn't exist
              .jsx
                Field 'browser' doesn't contain a valid alias configuration
                /home/kavia/workspace/code-generation/focuspulse-113407-7ec029c0/focuspulse_frontend/node_modules/@supabase/supabase-js.jsx doesn't exist
              as directory
                existing directory /home/kavia/workspace/code-generation/focuspulse-113407-7ec029c0/focuspulse_frontend/node_modules/@supabase/supabase-js
                  using description file: /home/kavia/workspace/code-generation/focuspulse-113407-7ec029c0/focuspulse_frontend/package.json (relative path: ./node_modules/@supabase/supabase-js)
                    using path: /home/kavia/workspace/code-generation/focuspulse-113407-7ec029c0/focuspulse_frontend/node_modules/@supabase/supabase-js/index
                      using description file: /home/kavia/workspace/code-generation/focuspulse-113407-7ec029c0/focuspulse_frontend/package.json (relative path: ./node_modules/@supabase/supabase-js/index)
                        no extension
                          Field 'browser' doesn't contain a valid alias configuration
                          /home/kavia/workspace/code-generation/focuspulse-113407-7ec029c0/focuspulse_frontend/node_modules/@supabase/supabase-js/index doesn't exist
                        .js
                          Field 'browser' doesn't contain a valid alias configuration
                          /home/kavia/workspace/code-generation/focuspulse-113407-7ec029c0/focuspulse_frontend/node_modules/@supabase/supabase-js/index.js doesn't exist
                        .jsx
                          Field 'browser' doesn't contain a valid alias configuration
                          /home/kavia/workspace/code-generation/focuspulse-113407-7ec029c0/focuspulse_frontend/node_modules/@supabase/supabase-js/index.jsx doesn't exist
      /home/kavia/workspace/code-generation/focuspulse-113407-7ec029c0/node_modules doesn't exist or is not a directory
      /home/kavia/workspace/code-generation/node_modules doesn't exist or is not a directory
      /home/kavia/workspace/node_modules doesn't exist or is not a directory
      /home/kavia/node_modules doesn't exist or is not a directory
      /home/node_modules doesn't exist or is not a directory
      /node_modules doesn't exist or is not a directory
 @ ./src/App.js 3:0-42 15:32-46
 @ ./src/index.js 5:0-24 11:32-35

webpack 5.99.9 compiled with 1 error in 30 ms
assets by status 1.98 KiB [cached] 1 asset
assets by path *.js 2.24 MiB
  asset bundle.js 1.82 MiB [emitted] (name: main)
  asset main.fcf036670e8c36cac75a.hot-update.js 436 KiB [emitted] [immutable] [hmr] (name: main)
asset main.fcf036670e8c36cac75a.hot-update.json 28 bytes [emitted] [immutable] [hmr]
Entrypoint main 2.24 MiB = bundle.js 1.82 MiB main.fcf036670e8c36cac75a.hot-update.js 436 KiB
cached modules 1.26 MiB [cached] 42 modules
runtime modules 27.5 KiB 14 modules
orphan modules 409 bytes [orphan] 3 modules
javascript modules 341 KiB
  modules by path ./node_modules/@supabase/auth-js/dist/module/ 151 KiB 15 modules
  modules by path ./node_modules/@supabase/realtime-js/ 63.4 KiB 12 modules
  modules by path ./node_modules/@supabase/postgrest-js/dist/ 48 KiB 10 modules
  modules by path ./node_modules/@supabase/storage-js/dist/module/ 37.5 KiB 8 modules
  modules by path ./node_modules/@supabase/supabase-js/dist/module/ 16.3 KiB 7 modules
  modules by path ./node_modules/@supabase/functions-js/dist/module/*.js 7.25 KiB
    ./node_modules/@supabase/functions-js/dist/module/types.js 1.61 KiB [built] [code generated]
    + 2 modules
  ./src/FocusPulse.js 16.4 KiB [code generated]
  ./node_modules/@supabase/node-fetch/browser.js 740 bytes [built] [code generated]
webpack 5.99.9 compiled successfully in 327 ms
Injecting EditorRootWrapper import: ../.ve/EditorRootWrapper
assets by path *.js 1.82 MiB
  asset bundle.js 1.82 MiB [emitted] (name: main)
  asset main.e393e9f10ec138eaeae4.hot-update.js 854 bytes [emitted] [immutable] [hmr] (name: main)
asset index.html 1.98 KiB [emitted]
asset main.e393e9f10ec138eaeae4.hot-update.json 28 bytes [emitted] [immutable] [hmr]
Entrypoint main 1.82 MiB = bundle.js 1.82 MiB main.e393e9f10ec138eaeae4.hot-update.js 854 bytes
cached modules 1.57 MiB [cached] 96 modules
runtime modules 27.5 KiB 14 modules
javascript modules 29.5 KiB
  modules by path ./src/*.js 17.3 KiB
    ./src/index.js 530 bytes [built]
    ./src/App.js 474 bytes [built]
    ./src/FocusPulse.js 16.4 KiB [built]
  modules by path ./.ve/ 12.2 KiB
    ./.ve/EditorRootWrapper.js 2.68 KiB [built]
    ./.ve/EditorOverlay.jsx 1.58 KiB [built]
    ./.ve/SidePanel.js 7.93 KiB [built]
webpack 5.99.9 compiled successfully in 169 ms
